# 2026-09-30 23:13:48 --log captures/probe_09_handset_vs_ble.log --cue 1.5:PRESS AND HOLD handset UP now --cue 3.5:RELEASE the handset key --ignore-key goto -100 --slot 1
4.105 -> dd01000000000000
4.161 <- 9d013020456404e3000000000060
4.162 -> dd00300000001545
4.163 -> dd003001047f0539
4.204 <- 
4.254 <- 9d0035120002028a05146e
4.265 -> dd003001047f0539
4.366 -> dd003001047f0539
4.404 <- 9d013021456404e3000000000061
4.468 -> dd003001047f0539
4.479 <- 9d013021456404e3000000000061
4.554 <- 9d013021456404e3000000000061
4.569 -> dd003001047f0539
4.670 -> dd003001047f0539
4.704 <- 9d013021456404e3000000000061
4.773 -> dd003001047f0539
4.779 <- 9d013021456404e3000000000061
4.854 <- 9d013021456404e3000000000061
4.874 -> dd003001047f0539
4.975 -> dd003001047f0539
5.004 <- 9d013021456404e3000000000061
5.078 -> dd003001047f0539
5.079 <- 9d013021456404e3000000000061
5.154 <- 9d013021456404e3000000000061
5.180 -> dd003001047f0539
5.281 -> dd003001047f0539
5.304 <- 9d013021456404e3000000000061
5.379 <- 9d013021456404e3000000000061
5.382 -> dd003001047f0539
5.454 <- 9d013021456404e3000000000061
5.484 -> dd003001047f0539
5.585 -> dd003001047f0539
5.604 <- 9d013021456404e3000000000061
5.664 # PRESS AND HOLD handset UP now
5.679 <- 9d013021456404e3000000000061
5.686 -> dd003001047f0539
5.787 -> dd003001047f0539
5.829 <- 9d013021456404e3000000000061
5.890 -> dd003001047f0539
5.904 <- 9d013021456404e3000000000061
5.980 <- 9d013021456404e3000000000061
5.991 -> dd003001047f0539
6.093 -> dd003001047f0539
6.129 <- 9d013021456404e3000000000061
6.194 -> dd003001047f0539
6.204 <- 9d013021456404e3000000000061
6.279 <- 9d013021456404e3000000000061
6.296 -> dd003001047f0539
6.397 -> dd003001047f0539
6.429 <- 9d013021456404e3000000000061
6.499 -> dd003001047f0539
6.504 <- 9d013021456404e3000000000061
6.579 <- 9d013021456404e3000000000061
6.600 -> dd003001047f0539
6.701 -> dd003001047f0539
6.729 <- 9d013021456404e3000000000061
6.803 -> dd003001047f0539
6.804 <- 9d013021456404e3000000000061
6.904 -> dd003001047f0539
6.954 <- 9d013021456404e3000000000061
7.006 -> dd003001047f0539
7.029 <- 9d013021456404e3000000000061
7.104 <- 9d013021456404e3000000000061
7.107 -> dd003001047f0539
7.208 -> dd003001047f0539
7.254 <- 9d013021056404e3000000000021
7.310 -> dd003001047f0539
7.329 <- 9d013021056404e3000000000021
7.404 <- 9d013021456404e3000000000061
7.412 -> dd003001047f0539
7.513 -> dd003001047f0539
7.554 <- 9d013021456404e3000000000061
7.615 -> dd003001047f0539
7.629 <- 9d013021456404e3000000000061
7.663 # RELEASE the handset key
7.704 <- 9d013021456404e3000000000061
7.717 -> dd003001047f0539
7.818 -> dd003001047f0539
7.861 <- 9d013021456404e3000000000061
7.920 -> dd003001047f0539
7.929 <- 9d013021456404e3000000000061
8.004 <- 9d013021456404e3000000000061
8.022 -> dd003001047f0539
8.123 -> dd003001047f0539
8.161 <- 9d013021456404e3000000000061
8.225 -> dd003001047f0539
8.229 <- 9d013021456404e3000000000061
8.304 <- 9d013021456404e3000000000061
8.327 -> dd003001047f0539
8.428 -> dd003001047f0539
8.454 <- 9d013021456404e3000000000061
8.529 <- 9d013021456404e3000000000061
8.530 -> dd003001047f0539
8.604 <- 9d013021456404e3000000000061
8.632 -> dd003001047f0539
8.733 -> dd003001047f0539
8.829 <- 9d013021456404e3000000000061
8.829 <- 9d013021456404e3000000000061
8.834 -> dd003001047f0539
8.935 -> dd003001047f0539
8.979 <- 9d013021456404e3000000000061
9.036 -> dd003001047f0539
9.054 <- 9d013021456404e3000000000061
9.129 <- 9d013021456404e3000000000061
9.137 -> dd003001047f0539
9.238 -> dd003001047f0539
9.279 <- 9d013021056404e3000000000021
9.340 -> dd003001047f0539
9.354 <- 9d013021056404e3000000000021
9.429 <- 9d013021056404e3000000000021
9.442 -> dd003001047f0539
9.543 -> dd003001047f0539
9.579 <- 9d013021056404e3000000000021
9.644 -> dd003001047f0539
9.654 <- 9d013021056404e3000000000021
9.729 <- 9d013021056404e3000000000021
9.745 -> dd003001047f0539
9.846 -> dd003001047f0539
9.879 <- 9d013021056404e3000000000021
9.948 -> dd003001047f0539
9.954 <- 9d013021056404e3000000000021
10.029 <- 9d013021056404e3000000000021
10.049 -> dd003001047f0539
10.151 -> dd003001047f0539
10.179 <- 9d013021056404e3000000000021
10.253 -> dd003001047f0539
10.254 <- 9d013021056404e3000000000021
10.329 <- 9d013021056404e3000000000021
10.355 -> dd003001047f0539
10.456 -> dd003001047f0539
10.479 <- 9d013021056404e3000000000021
10.554 <- 9d013021056404e3000000000021
10.557 -> dd003001047f0539
10.658 -> dd003001047f0539
10.711 <- 9d013021056404e3000000000021
10.760 -> dd003001047f0539
10.779 <- 9d013021056404e3000000000021
10.854 <- 9d013021056404e3000000000021
10.862 -> dd003001047f0539
10.964 -> dd003001047f0539
11.004 <- 9d013021056404e3000000000021
11.065 -> dd003001047f0539
11.079 <- 9d013021056404e3000000000021
11.154 <- 9d013021056404e3000000000021
11.166 -> dd003001047f0539
11.268 -> dd003001047f0539
11.304 <- 9d013021056404e3000000000021
11.369 -> dd003001047f0539
11.379 <- 9d013021056404e3000000000021
11.454 <- 9d013021056404e3000000000021
11.470 -> dd003001047f0539
11.572 -> dd003001047f0539
11.604 <- 9d013021056404e3000000000021
11.673 -> dd003001047f0539
11.679 <- 9d013021056404e3000000000021
11.754 <- 9d013021056404e3000000000021
11.775 -> dd003001047f0539
11.876 -> dd003001047f0539
11.904 <- 9d013021056404e3000000000021
11.978 -> dd003001047f0539
11.986 <- 9d013021056404e3000000000021
12.054 <- 9d013021056404e3000000000021
12.079 -> dd003001047f0539
12.180 -> dd003001047f0539
12.204 <- 9d013021056404e3000000000021
12.279 <- 9d013021056404e3000000000021
12.281 -> dd003001047f0539
12.382 -> dd003001047f0539
12.429 <- 9d013021056404e3000000000021
12.484 -> dd003001047f0539
12.504 <- 9d013021056404e3000000000021
12.579 <- 9d013021056404e3000000000021
12.585 -> dd003001047f0539
12.686 -> dd003001047f0539
12.729 <- 9d013021056404e3000000000021
12.788 -> dd003001047f0539
12.804 <- 9d013021056404e3000000000021
12.879 <- 9d013021056404e3000000000021
12.890 -> dd003001047f0539
12.991 -> dd003001047f0539
13.029 <- 9d013021056404e3000000000021
13.093 -> dd003001047f0539
13.104 <- 9d013021056404e3000000000021
13.179 <- 9d013021056404e3000000000021
13.194 -> dd003001047f0539
13.295 -> dd003001047f0539
13.329 <- 9d013021056404e3000000000021
13.398 -> dd003001047f0539
13.411 <- 9d013021056404e3000000000021
13.500 -> dd003001047f0539
13.554 <- 9d013021056404e3000000000021
13.602 -> dd003001047f0539
13.629 <- 9d013021056404e3000000000021
13.703 -> dd003001047f0539
13.704 <- 9d013021056404e3000000000021
13.779 <- 9d013021056404e3000000000021
13.805 -> dd003001047f0539
13.906 -> dd003001047f0539
13.929 <- 9d013021056404e3000000000021
14.004 <- 9d013021056404e3000000000021
14.007 -> dd003001047f0539
14.108 -> dd003001047f0539
14.155 <- 9d013021056404e3000000000021
14.211 -> dd003001047f0539
14.230 <- 9d013021056404e3000000000021
14.304 <- 9d013021056404e3000000000021
14.312 -> dd003001047f0539
14.413 -> dd003001047f0539
14.454 <- 9d013021056404e3000000000021
14.515 -> dd003001047f0539
14.529 <- 9d013021056404e3000000000021
14.604 <- 9d013021056404e3000000000021
14.617 -> dd003001047f0539
14.718 -> dd003001047f0539
14.754 <- 9d013021056404e3000000000021
14.820 -> dd003001047f0539
14.829 <- 9d013021056404e3000000000021
14.911 <- 9d013021056404e3000000000021
14.922 -> dd003001047f0539
15.023 -> dd003001047f0539
15.054 <- 9d013021056404e3000000000021
15.125 -> dd003001047f0539
15.129 <- 9d013021056404e3000000000021
15.204 <- 9d013021056404e3000000000021
15.226 -> dd003001047f0539
15.327 -> dd003001047f0539
15.354 <- 9d013021056404e3000000000021
15.429 -> dd003001047f0539
15.429 <- 9d013021056404e3000000000021
15.504 <- 9d013021056404e3000000000021
15.530 -> dd003001047f0539
15.631 -> dd003001047f0539
15.654 <- 9d013021056404e3000000000021
15.729 <- 9d013021056404e3000000000021
15.733 -> dd003001047f0539
15.834 -> dd003001047f0539
15.879 <- 9d013021056404e3000000000021
15.936 -> dd003001047f0539
15.954 <- 9d013021056404e3000000000021
16.038 -> dd003001047f0539
16.139 -> dd003001047f0539
16.179 <- 9d013021056404e3000000000021
16.179 <- 9d013021056404e3000000000021
16.241 -> dd003001047f0539
16.254 <- 9d013021056404e3000000000021
16.329 <- 9d013021056404e3000000000021
16.342 -> dd003001047f0539
16.443 -> dd003001047f0539
16.479 <- 9d013021056404e3000000000021
16.545 -> dd003001047f0539
16.554 <- 9d013021056404e3000000000021
16.629 <- 9d013021056404e3000000000021
16.646 -> dd003001047f0539
16.747 -> dd003001047f0539
16.779 <- 9d013021056404e3000000000021
16.849 -> dd003001047f0539
16.854 <- 9d013021056404e3000000000021
16.929 <- 9d013021056404e3000000000021
16.950 -> dd003001047f0539
17.051 -> dd003001047f0539
17.079 <- 9d013021056404e3000000000021
17.153 -> dd003001047f0539
17.154 <- 9d013021056404e3000000000021
17.229 <- 9d013021056404e3000000000021
17.255 -> dd003001047f0539
17.356 -> dd003001047f0539
17.379 <- 9d013021056404e3000000000021
17.454 <- 9d013021056404e3000000000021
17.458 -> dd003001047f0539
17.559 -> dd003001047f0539
17.604 <- 9d013021056404e3000000000021
17.661 -> dd003001047f0539
17.679 <- 9d013021056404e3000000000021
17.754 <- 9d013021056404e3000000000021
17.762 -> dd003001047f0539
17.863 -> dd003001047f0539
17.904 <- 9d013021056404e3000000000021
17.965 -> dd003001047f0539
17.979 <- 9d013021056404e3000000000021
18.068 -> dd003001047f0539
18.129 <- 9d013021056404e3000000000021
18.170 -> dd003001047f0539
18.204 <- 9d013021056404e3000000000021
18.273 -> dd003001047f0539
18.279 <- 9d013021056404e3000000000021
18.354 <- 9d013021056404e3000000000021
18.374 -> dd003001047f0539
18.475 -> dd003001047f0539
18.504 <- 9d013021056404e3000000000021
18.578 -> dd003001047f0539
18.579 <- 9d013021056404e3000000000021
18.654 <- 9d013021056404e3000000000021
18.680 -> dd003001047f0539
18.781 -> dd003001047f0539
18.804 <- 9d013021056404e3000000000021
18.883 -> dd003001047f0539
18.954 <- 9d013021056404e3000000000021
18.985 -> dd003001047f0539
19.029 <- 9d013021056404e3000000000021
19.087 -> dd003001047f0539
19.104 <- 9d013021056404e3000000000021
19.179 <- 9d013021056404e3000000000021
19.188 -> dd003001047f0539
19.289 -> dd003001047f0539
19.329 <- 9d013021056404e3000000000021
19.391 -> dd003001047f0539
19.404 <- 9d013021056404e3000000000021
19.479 <- 9d013021056404e3000000000021
19.492 -> dd003001047f0539
19.593 -> dd003001047f0539
19.629 <- 9d013021056404e3000000000021
19.695 -> dd003001047f0539
19.704 <- 9d013021056404e3000000000021
19.779 <- 9d013021056404e3000000000021
19.796 -> dd003001047f0539
19.897 -> dd003001047f0539
19.929 <- 9d013021056404e3000000000021
19.999 -> dd003001047f0539
20.004 <- 9d013021056404e3000000000021
20.079 <- 9d013021056404e3000000000021
20.101 -> dd003001047f0539
20.202 -> dd003001047f0539
20.229 <- 9d013021056404e3000000000021
20.303 -> dd003001047f0539
20.304 <- 9d013021056404e3000000000021
20.379 <- 9d013021056404e3000000000021
20.405 -> dd003001047f0539
20.506 -> dd003001047f0539
20.529 <- 9d013021056404e3000000000021
20.604 <- 9d013021056404e3000000000021
20.608 -> dd003001047f0539
20.709 -> dd003001047f0539
20.754 <- 9d013021056404e3000000000021
20.811 -> dd003001047f0539
20.836 <- 9d013021056404e3000000000021
20.904 <- 9d013021056404e3000000000021
20.912 -> dd003001047f0539
21.013 -> dd003001047f0539
21.054 <- 9d013021056404e3000000000021
21.115 -> dd003001047f0539
21.129 <- 9d013021056404e3000000000021
21.204 <- 9d013021056404e3000000000021
21.216 -> dd003001047f0539
21.317 -> dd003001047f0539
21.354 <- 9d013021056404e3000000000021
21.419 -> dd003001047f0539
21.429 <- 9d013021056404e3000000000021
21.504 <- 9d013021056404e3000000000021
21.521 -> dd003001047f0539
21.622 -> dd003001047f0539
21.654 <- 9d013021056404e3000000000021
21.724 -> dd003001047f0539
21.729 <- 9d013021056404e3000000000021
21.804 <- 9d013021056404e3000000000021
21.825 -> dd003001047f0539
21.926 -> dd003001047f0539
21.954 <- 9d013021056404e3000000000021
22.028 -> dd003001047f0539
22.029 <- 9d013021056404e3000000000021
22.104 <- 9d013021056404e3000000000021
22.130 -> dd003001047f0539
22.231 -> dd003001047f0539
22.254 <- 9d013021056404e3000000000021
22.329 <- 9d013021056404e3000000000021
22.333 -> dd003001047f0539
22.434 -> dd003001047f0539
22.486 <- 9d013021056404e3000000000021
22.536 -> dd003001047f0539
22.554 <- 9d013021056404e3000000000021
22.629 <- 9d013021056404e3000000000021
22.637 -> dd003001047f0539
22.739 -> dd003001047f0539
22.779 <- 9d013021056404e3000000000021
22.840 -> dd003001047f0539
22.854 <- 9d013021056404e3000000000021
22.929 <- 9d013021056404e3000000000021
22.942 -> dd003001047f0539
23.043 -> dd003001047f0539
23.079 <- 9d013021056404e3000000000021
23.145 -> dd003001047f0539
23.154 <- 9d013021056404e3000000000021
23.229 <- 9d013021056404e3000000000021
23.246 -> dd003001047f0539
23.347 -> dd003001047f0539
23.379 <- 9d013021056404e3000000000021
23.449 -> dd003001047f0539
23.454 <- 9d013021056404e3000000000021
23.529 <- 9d013021056404e3000000000021
23.551 -> dd003001047f0539
23.652 -> dd003001047f0539
23.679 <- 9d013021056404e3000000000021
23.754 -> dd003001047f0539
23.754 <- 9d013021056404e3000000000021
23.829 <- 9d013021056404e3000000000021
23.855 -> dd003001047f0539
23.956 -> dd003001047f0539
23.979 <- 9d013021056404e3000000000021
24.054 <- 9d013021056404e3000000000021
24.058 -> dd003001047f0539
24.159 -> dd003001047f0539
24.204 <- 9d013021056404e3000000000021
24.261 -> dd003001047f0539
24.279 <- 9d013021056404e3000000000021
24.361 <- 9d013021056404e3000000000021
24.362 -> dd003001047f0539
24.463 -> dd003001047f0539
24.505 <- 9d013021056404e3000000000021
24.566 -> dd003001047f0539
24.579 <- 9d013021056404e3000000000021
24.654 <- 9d013021056404e3000000000021
24.669 -> dd003001047f0539
24.770 -> dd003001047f0539
24.804 <- 9d013021056404e3000000000021
24.873 -> dd003001047f0539
24.879 <- 9d013021056404e3000000000021
24.954 <- 9d013021056404e3000000000021
24.975 -> dd003001047f0539
25.076 -> dd003001047f0539
25.104 <- 9d013021056404e3000000000021
25.178 -> dd003001047f0539
25.179 <- 9d013021056404e3000000000021
25.254 <- 9d013021056404e3000000000021
25.279 -> dd003001047f0539
25.380 -> dd003001047f0539
25.404 <- 9d013021056404e3000000000021
25.479 <- 9d013021056404e3000000000021
25.482 -> dd003001047f0539
25.583 -> dd003001047f0539
25.629 <- 9d013021056404e3000000000021
25.685 -> dd003001047f0539
25.704 <- 9d013021056404e3000000000021
25.779 <- 9d013021056404e3000000000021
25.787 -> dd003001047f0539
25.889 -> dd003001047f0539
25.929 <- 9d013021056404e3000000000021
25.990 -> dd003001047f0539
26.004 <- 9d013021056404e3000000000021
26.079 <- 9d013021056404e3000000000021
26.092 -> dd003001047f0539
26.193 -> dd003001047f0539
26.229 <- 9d013021056404e3000000000021
26.295 -> dd003001047f0539
26.304 <- 9d013021056404e3000000000021
26.379 <- 9d013021056404e3000000000021
26.396 -> dd003001047f0539
26.498 -> dd003001047f0539
26.529 <- 9d013021056404e3000000000021
26.599 -> dd003001047f0539
26.604 <- 9d013021056404e3000000000021
26.679 <- 9d013021056404e3000000000021
26.700 -> dd003001047f0539
26.801 -> dd003001047f0539
26.829 <- 9d013021056404e3000000000021
26.903 -> dd003001047f0539
26.904 <- 9d013021056404e3000000000021
26.979 <- 9d013021056404e3000000000021
27.005 -> dd003001047f0539
27.106 -> dd003001047f0539
27.129 <- 9d013021056404e3000000000021
27.204 <- 9d013021056404e3000000000021
27.208 -> dd003001047f0539
27.279 <- 9d013021056404e3000000000021
27.310 -> dd003001047f0539
27.411 -> dd003001047f0539
27.429 <- 9d013021056404e3000000000021
27.504 <- 9d013021056404e3000000000021
27.513 -> dd003001047f0539
27.615 -> dd003001047f0539
27.654 <- 9d013021056404e3000000000021
27.716 -> dd003001047f0539
27.729 <- 9d013021056404e3000000000021
27.804 <- 9d013021056404e3000000000021
27.819 -> dd003001047f0539
27.920 -> dd003001047f0539
27.954 <- 9d013021056404e3000000000021
28.023 -> dd003001047f0539
28.029 <- 9d013021056404e3000000000021
28.104 <- 9d013021056404e3000000000021
28.124 -> dd003001047f0539
28.226 -> dd003001047f0539
28.254 <- 9d013021056404e3000000000021
28.328 -> dd003001047f0539
28.329 <- 9d013021056404e3000000000021
28.404 <- 9d013021056404e3000000000021
28.429 -> dd003001047f0539
28.530 -> dd003001047f0539
28.554 <- 9d013021056404e3000000000021
28.629 <- 9d013021056404e3000000000021
28.631 -> dd003001047f0539
28.704 <- 9d013021056404e3000000000021
28.733 -> dd003001047f0539
28.834 -> dd003001047f0539
28.854 <- 9d013021056404e3000000000021
28.929 <- 9d013021056404e3000000000021
28.936 -> dd003001047f0539
29.004 <- 9d013021056404e3000000000021
29.038 -> dd003001047f0539
29.139 -> dd003001047f0539
29.154 <- 9d013021056404e3000000000021
29.229 <- 9d013021056404e3000000000021
29.241 -> dd003001047f0539
29.342 -> dd003001047f0539
29.379 <- 9d013021056404e3000000000021
29.444 -> dd003001047f0539
29.461 <- 9d013021056404e3000000000021
29.529 <- 9d013021056404e3000000000021
29.546 -> dd003001047f0539
29.647 -> dd003001047f0539
29.679 <- 9d013021056404e3000000000021
29.749 -> dd003001047f0539
29.754 <- 9d013021056404e3000000000021
29.829 <- 9d013021056404e3000000000021
29.851 -> dd003001047f0539
29.953 -> dd003001047f0539
29.979 <- 9d013021056404e3000000000021
30.054 <- 9d013021056404e3000000000021
30.054 -> dd003001047f0539
30.129 <- 9d013021056404e3000000000021
30.157 -> dd003001047f0539
30.258 -> dd003001047f0539
30.279 <- 9d013021056404e3000000000021
30.354 <- 9d013021056404e3000000000021
30.360 -> dd003001047f0539
30.429 <- 9d013021056404e3000000000021
30.462 -> dd003001047f0539
30.563 -> dd003001047f0539
30.579 <- 9d013021056404e3000000000021
30.654 <- 9d013021056404e3000000000021
30.665 -> dd003001047f0539
30.729 <- 9d013021056404e3000000000021
30.767 -> dd003001047f0539
30.868 -> dd003001047f0539
30.879 <- 9d013021056404e3000000000021
30.954 <- 9d013021056404e3000000000021
30.969 -> dd003001047f0539
31.070 -> dd003001047f0539
31.104 <- 9d013021056404e3000000000021
31.173 -> dd003001047f0539
31.179 <- 9d013021056404e3000000000021
31.254 <- 9d013021056404e3000000000021
31.275 -> dd003001047f0539
31.376 -> dd003001047f0539
31.404 <- 9d013021056404e3000000000021
31.478 -> dd003001047f0539
31.479 <- 9d013021056404e3000000000021
31.554 <- 9d013021056404e3000000000021
31.580 -> dd003001047f0539
31.681 -> dd003001047f0539
31.704 <- 9d013021056404e3000000000021
31.779 <- 9d013021056404e3000000000021
31.783 -> dd003001047f0539
31.854 <- 9d013021056404e3000000000021
31.885 -> dd003001047f0539
31.986 -> dd003001047f0539
32.004 <- 9d013021056404e3000000000021
32.079 <- 9d013021056404e3000000000021
32.087 -> dd003001047f0539
32.154 <- 9d013021056404e3000000000021
32.189 -> dd003001047f0539
32.290 -> dd003001047f0539
32.312 <- 9d013021056404e3000000000021
32.379 <- 9d013021056404e3000000000021
32.392 -> dd003001047f0539
32.454 <- 9d013021056404e3000000000021
32.494 -> dd003001047f0539
32.595 -> dd003001047f0539
32.604 <- 9d013021056404e3000000000021
32.679 <- 9d013021056404e3000000000021
32.696 -> dd003001047f0539
32.797 -> dd003001047f0539
32.829 <- 9d013021056404e3000000000021
32.899 -> dd003001047f0539
32.904 <- 9d013021056404e3000000000021
32.979 <- 9d013021056404e3000000000021
33.000 -> dd003001047f0539
33.101 -> dd003001047f0539
33.129 <- 9d013021056404e3000000000021
33.203 -> dd003001047f0539
33.204 <- 9d013021056404e3000000000021
33.279 <- 9d013021056404e3000000000021
33.304 -> dd003001047f0539
33.405 -> dd003001047f0539
33.429 <- 9d013021056404e3000000000021
33.504 <- 9d013021056404e3000000000021
33.507 -> dd003001047f0539
33.579 <- 9d013021056404e3000000000021
33.608 -> dd003001047f0539
33.709 -> dd003001047f0539
33.729 <- 9d013021056404e3000000000021
33.804 <- 9d013021056404e3000000000021
33.811 -> dd003001047f0539
33.879 <- 9d013021056404e3000000000021
33.913 -> dd003001047f0539
34.014 -> dd003001047f0539
34.029 <- 9d013021056404e3000000000021
34.104 <- 9d013021056404e3000000000021
34.116 -> dd003001047f0539
34.179 <- 9d013021056404e3000000000021
34.217 -> dd00300000000535
34.318 -> dd00300000000535
34.329 <- 9d013021056404e3000000000021
34.404 <- 9d013020056404e3000000000020
34.420 -> dd00300000000535
34.629 <- 9d013020056404e3000000000020
34.629 <- 9d013020056404e3000000000020
34.704 <- 9d013020056404e3000000000020
34.854 <- 9d013020056404e3000000000020
34.929 <- 9d013020056404e3000000000020
35.004 <- 9d013020056404e3000000000020
35.155 <- 9d013020056404e3000000000020
35.229 <- 9d013020056404e3000000000020
35.311 <- 9d013020056404e3000000000020
35.454 <- 9d023020056402c104e2030f044d04b704b83c
35.529 <- 9d023020056402c104e2030f044d04b704b83c
35.679 <- 9d023020056402c104e2030f044d04b704b83c
35.754 <- 9d023020056402c104e2030f044d04b704b83c
35.829 <- 9d023020056402c104e2030f044d04b704b83c
35.979 <- 9d023020056402c104e2030f044d04b704b83c
36.054 <- 9d023020056402c104e2030f044d04b704b83c
36.129 <- 9d023020056402c104e2030f044d04b704b83c
36.280 <- 9d023020056402c104e2030f044d04b704b83c
36.354 <- 9d023020056402c104e2030f044d04b704b83c
36.429 <- 9d023020056402c104e2030f044d04b704b83c
36.586 <- 9d023020056402c104e2030f044d04b704b83c
36.654 <- 9d023020056402c104e2030f044d04b704b83c
36.729 <- 9d023020056402c104e2030f044d04b704b83c
# 2026-09-30 23:17:18 --log captures/probe_09_handset_vs_ble.log --cue 1.5:PRESS AND HOLD handset UP now --cue 3.5:RELEASE the handset key --ignore-key goto -100 --slot 1
1.198 -> dd01000000000000
1.273 <- 9d023000056402c104e2030f044d04b704b81c
1.274 -> dd00300000001545
1.347 <- 
1.347 <- 9d023000056402c104e2030f044d04b704b81c
1.422 <- 9d0035120002028a05146e
1.573 <- 9d01300005640419000000000036
1.578 -> dd00300103b5056e
1.648 <- 9d01300005640419000000000036
1.679 -> dd00300103b5056e
1.723 <- 9d01300005640419000000000036
1.781 -> dd00300103b5056e
1.873 <- 9d01300165640419000000000017
1.882 -> dd00300103b5056e
1.948 <- 9d01300165640419000000000017
1.984 -> dd00300103b5056e
2.085 -> dd00300103b5056e
2.098 <- 9d01300165640418000000000016
2.173 <- 9d01300165640417000000000015
2.186 -> dd00300103b5056e
2.248 <- 9d01300165640414000000000012
2.287 -> dd00300103b5056e
2.389 -> dd00300103b5056e
2.398 <- 9d0130016564041100000000000f
2.473 <- 9d0130016564040d00000000000b
2.490 -> dd00300103b5056e
2.548 <- 9d01300165640409000000000007
2.592 -> dd00300103b5056e
2.693 -> dd00300103b5056e
2.698 <- 9d01300165640405000000000003
2.773 <- 9d0130016564040100000000007f
2.794 -> dd00300103b5056e
2.895 -> dd00300103b5056e
2.923 <- 9d013001656403fd00000000007a
2.997 -> dd00300103b5056e
2.998 <- 9d013001656403f8000000000075
3.073 <- 9d013001656403f4000000000071
3.078 # PRESS AND HOLD handset UP now
3.099 -> dd00300103b5056e
3.148 <- 9d013001656403f000000000006d
3.200 -> dd00300103b5056e
3.298 <- 9d013001656403ec000000000069
3.301 -> dd00300103b5056e
3.373 <- 9d013001256403e8000000000025
3.402 -> dd00300103b5056e
3.503 -> dd00300103b5056e
3.523 <- 9d013001256403e3000000000020
3.597 <- 9d013001256403df00000000001c
3.605 -> dd00300103b5056e
3.673 <- 9d013001256403db000000000018
3.706 -> dd00300103b5056e
3.807 -> dd00300103b5056e
3.823 <- 9d013001256403d7000000000014
3.898 <- 9d013001656403d200000000004f
3.910 -> dd00300103b5056e
3.973 <- 9d013001656403ce00000000004b
4.011 -> dd00300103b5056e
4.112 -> dd00300103b5056e
4.123 <- 9d013001656403ca000000000047
4.198 <- 9d013001656403c5000000000042
4.213 -> dd00300103b5056e
4.273 <- 9d013001656403c100000000003e
4.314 -> dd00300103b5056e
4.415 -> dd00300103b5056e
4.423 <- 9d013001656403be00000000003b
4.498 <- 9d013001656403bb000000000038
4.518 -> dd00300103b5056e
4.573 <- 9d013001656403b8000000000035
4.619 -> dd00300103b5056e
4.721 -> dd00300103b5056e
4.723 <- 9d013001656403b7000000000034
4.798 <- 9d013001656403b5000000000032
4.822 -> dd00300103b5056e
4.874 <- 9d013001456403b5000000000012
4.925 -> dd00300000000535
5.026 -> dd00300000000535
5.029 <- 9d013001456403b5000000000012
5.077 # RELEASE the handset key
5.098 <- 9d013000456403b5000000000011
5.127 -> dd00300000000535
5.173 <- 9d013000556403b5000000000021
5.323 <- 9d013000556403b5000000000021
5.398 <- 9d013000556403b5000000000021
5.548 <- 9d013000556403b7000000000023
5.623 <- 9d013000556403b9000000000025
5.698 <- 9d013000556403bc000000000028
5.848 <- 9d013000556403c000000000002c
5.923 <- 9d013000556403c4000000000030
5.998 <- 9d013000556403c8000000000034
6.148 <- 9d013000556403cc000000000038
6.223 <- 9d013000556403d000000000003c
6.298 <- 9d013000556403d5000000000041
6.448 <- 9d013000556403d9000000000045
6.523 <- 9d013000556403dd000000000049
6.673 <- 9d013000556403e100000000004d
6.748 <- 9d013000556403e5000000000051
6.823 <- 9d013000556403ea000000000056
6.973 <- 9d013000556403ee00000000005a
7.048 <- 9d013000556403f200000000005e
7.123 <- 9d013000556403f6000000000062
7.273 <- 9d013000556403fb000000000067
7.348 <- 9d013000556403ff00000000006b
7.423 <- 9d01300055640403000000000070
7.573 <- 9d01300055640408000000000075
7.722 <- 9d0130005564040c000000000079
7.722 <- 9d0130005564041000000000007d
7.873 <- 9d01300015640415000000000042
7.948 <- 9d01300015640419000000000046
8.023 <- 9d0130001564041c000000000049
8.179 <- 9d0130001564041f00000000004c
8.248 <- 9d0130001564042000000000004d
8.323 <- 9d0130000564042000000000003d
8.473 <- 9d0130000564042000000000003d
8.548 <- 9d0130000564042000000000003d
8.623 <- 9d0130000564042000000000003d
8.773 <- 9d0130000564042000000000003d
8.848 <- 9d0130000564042000000000003d
8.998 <- 9d023000056402c104e2030f044d04b704b81c
9.073 <- 9d023000056402c104e2030f044d04b704b81c
9.148 <- 9d023000056402c104e2030f044d04b704b81c
9.298 <- 9d023000056402c104e2030f044d04b704b81c
9.373 <- 9d023000056402c104e2030f044d04b704b81c
9.448 <- 9d023000056402c104e2030f044d04b704b81c
9.598 <- 9d023000056402c104e2030f044d04b704b81c
9.673 <- 9d023000056402c104e2030f044d04b704b81c
9.748 <- 9d023000056402c104e2030f044d04b704b81c
9.898 <- 9d023000056402c104e2030f044d04b704b81c
9.973 <- 9d023000056402c104e2030f044d04b704b81c
# 2026-09-30 23:17:33 --log captures/probe_09_handset_vs_ble.log --cue 1.5:PRESS AND HOLD handset UP now --cue 3.5:RELEASE the handset key --ignore-key goto -100 --slot 1
1.110 -> dd01000000000000
1.185 <- 9d023000056402c104e2030f044d04b704b81c
1.186 -> dd00300000001545
1.260 <- 9d023000056402c104e2030f044d04b704b81c
1.335 <- 9d0035120002028a05146e
1.485 <- 9d0130000564042000000000003d
1.490 -> dd00300103bc0575
1.560 <- 9d0130000564042000000000003d
1.592 -> dd00300103bc0575
1.635 <- 9d0130000564042000000000003d
1.694 -> dd00300103bc0575
1.785 <- 9d0130012564042000000000005e
1.796 -> dd00300103bc0575
1.860 <- 9d0130012564042000000000005e
1.898 -> dd00300103bc0575
1.999 -> dd00300103bc0575
2.016 <- 9d0130012564042000000000005e
2.085 <- 9d0130012564041e00000000005c
2.100 -> dd00300103bc0575
2.160 <- 9d0130012564041c00000000005a
2.202 -> dd00300103bc0575
2.303 -> dd00300103bc0575
2.310 <- 9d01300125640418000000000056
2.405 -> dd00300103bc0575
2.460 <- 9d01300125640415000000000053
2.460 <- 9d0130012564041100000000004f
2.507 -> dd00300103bc0575
2.608 -> dd00300103bc0575
2.610 <- 9d0130012564040d00000000004b
2.685 <- 9d01300125640408000000000046
2.710 -> dd00300103bc0575
2.766 <- 9d01300125640404000000000042
2.812 -> dd00300103bc0575
2.910 <- 9d0130012564040000000000003e
2.913 -> dd00300103bc0575
2.985 <- 9d013001256403fc000000000039
2.990 # PRESS AND HOLD handset UP now
3.014 -> dd00300103bc0575
3.060 <- 9d013001256403f7000000000034
3.116 -> dd00300103bc0575
3.210 <- 9d013001256403f3000000000030
3.217 -> dd00300103bc0575
3.285 <- 9d013001256403ef00000000002c
3.318 -> dd00300103bc0575
3.360 <- 9d013001256403eb000000000028
3.421 -> dd00300103bc0575
3.510 <- 9d013001256403e6000000000023
3.522 -> dd00300103bc0575
3.585 <- 9d013001256403e200000000001f
3.623 -> dd00300103bc0575
3.724 -> dd00300103bc0575
3.735 <- 9d013001256403de00000000001b
3.810 <- 9d013001256403d9000000000016
3.826 -> dd00300103bc0575
3.885 <- 9d013001256403d5000000000012
3.927 -> dd00300103bc0575
4.028 -> dd00300103bc0575
4.035 <- 9d013001656403d100000000004e
4.110 <- 9d013001656403cc000000000049
4.130 -> dd00300103bc0575
4.185 <- 9d013001656403c9000000000046
4.232 -> dd00300103bc0575
4.333 -> dd00300103bc0575
4.335 <- 9d013001656403c5000000000042
4.410 <- 9d013001656403c200000000003f
4.435 -> dd00300103bc0575
4.485 <- 9d013001656403c000000000003d
4.536 -> dd00300103bc0575
4.635 <- 9d013001656403be00000000003b
4.637 -> dd00300103bc0575
4.710 <- 9d013001656403bc000000000039
4.738 -> dd00300103bc0575
4.785 <- 9d013001456403bc000000000019
4.839 -> dd00300000000535
4.935 <- 9d013001456403bc000000000019
4.940 -> dd00300000000535
4.990 # RELEASE the handset key
5.011 <- 9d013000456403bc000000000018
5.041 -> dd00300000000535
5.085 <- 9d013000556403bc000000000028
5.235 <- 9d013000556403bc000000000028
5.310 <- 9d013000556403bc000000000028
5.385 <- 9d013000556403be00000000002a
5.535 <- 9d013000556403c000000000002c
5.610 <- 9d013000556403c300000000002f
5.835 <- 9d013000556403c7000000000033
5.835 <- 9d013000556403cb000000000037
5.910 <- 9d013000556403cf00000000003b
6.060 <- 9d013000156403d4000000000000
6.135 <- 9d013000156403d8000000000004
6.210 <- 9d013000156403dc000000000008
6.360 <- 9d013000156403de00000000000a
6.435 <- 9d013000156403df00000000000b
6.510 <- 9d013000056403df00000000007b
6.660 <- 9d013000056403df00000000007b
6.735 <- 9d013000056403df00000000007b
6.810 <- 9d013000056403df00000000007b
6.960 <- 9d013000056403df00000000007b
7.035 <- 9d013000056403df00000000007b
7.185 <- 9d023000056402c104e2030f044d04b704b81c
7.266 <- 9d023000056402c104e2030f044d04b704b81c
7.335 <- 9d023000056402c104e2030f044d04b704b81c
7.485 <- 9d023000056402c104e2030f044d04b704b81c
7.560 <- 9d023000056402c104e2030f044d04b704b81c
7.635 <- 9d023000056402c104e2030f044d04b704b81c
7.785 <- 9d023000056402c104e2030f044d04b704b81c
7.860 <- 9d023000056402c104e2030f044d04b704b81c
8.010 <- 9d023000056402c104e2030f044d04b704b81c
8.085 <- 9d023000056402c104e2030f044d04b704b81c
8.160 <- 9d023000056402c104e2030f044d04b704b81c
8.310 <- 9d023000056402c104e2030f044d04b704b81c
8.385 <- 9d023000056402c104e2030f044d04b704b81c
8.460 <- 9d023000056402c104e2030f044d04b704b81c
8.610 <- 9d023000056402c104e2030f044d04b704b81c
8.685 <- 9d023000056402c104e2030f044d04b704b81c
8.760 <- 9d023000056402c104e2030f044d04b704b81c
