# 2026-09-30 23:15:51 --log captures/probe_13b_app_steal.log --cue 5:OPEN the vendor app and CONNECT to the desk now --cue 50:(you can stop trying with the app) idle 60
2.546 <- 9d023020056402c104e2030f044d04b704b83c
2.546 -> dd01000000000000
2.547 -> dd00300000001545
2.620 <- 9d023020056402c104e2030f044d04b704b83c
2.771 <- 9d023020056402c104e2030f044d04b704b83c
2.846 <- 9d013020056404e3000000000020
2.920 <- 9d013020056404e3000000000020
3.070 <- 9d013020056404e3000000000020
3.146 <- 9d013020056404e3000000000020
3.220 <- 9d013020056404e3000000000020
3.371 <- 9d013020056404e3000000000020
3.445 <- 9d013020056404e3000000000020
3.520 <- 9d013020056404e3000000000020
3.670 <- 9d013020056404e3000000000020
3.745 <- 9d013020056404e3000000000020
3.896 <- 9d023020056402c104e2030f044d04b704b83c
3.970 <- 9d023020056402c104e2030f044d04b704b83c
4.121 <- 9d023020056402c104e2030f044d04b704b83c
4.195 <- 9d023020056402c104e2030f044d04b704b83c
4.272 <- 9d023020056402c104e2030f044d04b704b83c
4.346 <- 9d023020056402c104e2030f044d04b704b83c
4.496 <- 9d023020056402c104e2030f044d04b704b83c
4.570 <- 9d023020056402c104e2030f044d04b704b83c
4.645 <- 9d023020056402c104e2030f044d04b704b83c
4.796 <- 9d023020056402c104e2030f044d04b704b83c
4.871 <- 9d023020056402c104e2030f044d04b704b83c
4.945 <- 9d023020056402c104e2030f044d04b704b83c
5.096 <- 9d023020056402c104e2030f044d04b704b83c
5.171 <- 9d023020056402c104e2030f044d04b704b83c
5.245 <- 9d023020056402c104e2030f044d04b704b83c
5.395 <- 9d023020056402c104e2030f044d04b704b83c
5.471 <- 9d023020056402c104e2030f044d04b704b83c
5.620 <- 9d023020056402c104e2030f044d04b704b83c
5.695 <- 9d023020056402c104e2030f044d04b704b83c
5.770 <- 9d023020056402c104e2030f044d04b704b83c
5.920 <- 9d023020056402c104e2030f044d04b704b83c
5.995 <- 9d023020056402c104e2030f044d04b704b83c
6.070 <- 9d023020056402c104e2030f044d04b704b83c
6.221 <- 9d023020056402c104e2030f044d04b704b83c
6.295 <- 9d023020056402c104e2030f044d04b704b83c
6.371 <- 9d023020056402c104e2030f044d04b704b83c
6.520 <- 9d023020056402c104e2030f044d04b704b83c
6.595 <- 9d023020056402c104e2030f044d04b704b83c
6.670 <- 9d023020056402c104e2030f044d04b704b83c
6.821 <- 9d023020056402c104e2030f044d04b704b83c
6.895 <- 9d023020056402c104e2030f044d04b704b83c
6.970 <- 9d023020056402c104e2030f044d04b704b83c
7.120 <- 9d023020056402c104e2030f044d04b704b83c
7.203 <- 9d023020056402c104e2030f044d04b704b83c
7.270 <- 9d023020056402c104e2030f044d04b704b83c
7.420 <- 9d023020056402c104e2030f044d04b704b83c
7.495 <- 9d023020056402c104e2030f044d04b704b83c
7.646 <- 9d023020056402c104e2030f044d04b704b83c
7.720 <- 9d023020056402c104e2030f044d04b704b83c
7.796 <- 9d023020056402c104e2030f044d04b704b83c
7.851 # OPEN the vendor app and CONNECT to the desk now
7.947 <- 9d023020056402c104e2030f044d04b704b83c
8.027 <- 9d023020056402c104e2030f044d04b704b83c
8.096 <- 9d023020056402c104e2030f044d04b704b83c
8.245 <- 9d023020056402c104e2030f044d04b704b83c
8.320 <- 9d023020056402c104e2030f044d04b704b83c
8.395 <- 9d023020056402c104e2030f044d04b704b83c
8.545 <- 9d023020056402c104e2030f044d04b704b83c
8.620 <- 9d023020056402c104e2030f044d04b704b83c
8.696 <- 9d023020056402c104e2030f044d04b704b83c
8.845 <- 9d023020056402c104e2030f044d04b704b83c
8.920 <- 9d023020056402c104e2030f044d04b704b83c
9.070 <- 9d023020056402c104e2030f044d04b704b83c
9.145 <- 9d023020056402c104e2030f044d04b704b83c
9.220 <- 9d023020056402c104e2030f044d04b704b83c
9.370 <- 9d023020056402c104e2030f044d04b704b83c
9.520 <- 9d023020056402c104e2030f044d04b704b83c
9.521 <- 9d023020056402c104e2030f044d04b704b83c
9.670 <- 9d023020056402c104e2030f044d04b704b83c
9.745 <- 9d023020056402c104e2030f044d04b704b83c
9.827 <- 9d023020056402c104e2030f044d04b704b83c
9.970 <- 9d023020056402c104e2030f044d04b704b83c
10.045 <- 9d023020056402c104e2030f044d04b704b83c
10.120 <- 9d023020056402c104e2030f044d04b704b83c
10.270 <- 9d023020056402c104e2030f044d04b704b83c
10.345 <- 9d023020056402c104e2030f044d04b704b83c
10.421 <- 9d023020056402c104e2030f044d04b704b83c
10.570 <- 9d023020056402c104e2030f044d04b704b83c
10.645 <- 9d023020056402c104e2030f044d04b704b83c
10.720 <- 9d023020056402c104e2030f044d04b704b83c
10.871 <- 9d023020056402c104e2030f044d04b704b83c
10.945 <- 9d023020056402c104e2030f044d04b704b83c
11.096 <- 9d023020056402c104e2030f044d04b704b83c
11.170 <- 9d023020056402c104e2030f044d04b704b83c
11.246 <- 9d023020056402c104e2030f044d04b704b83c
11.395 <- 9d023020056402c104e2030f044d04b704b83c
11.471 <- 9d023020056402c104e2030f044d04b704b83c
11.545 <- 9d023020056402c104e2030f044d04b704b83c
11.696 <- 9d023020056402c104e2030f044d04b704b83c
11.770 <- 9d023020056402c104e2030f044d04b704b83c
11.845 <- 9d023020056402c104e2030f044d04b704b83c
11.995 <- 9d023020056402c104e2030f044d04b704b83c
12.071 <- 9d023020056402c104e2030f044d04b704b83c
12.145 <- 9d023020056402c104e2030f044d04b704b83c
12.295 <- 9d023020056402c104e2030f044d04b704b83c
12.370 <- 9d023020056402c104e2030f044d04b704b83c
12.445 <- 9d023020056402c104e2030f044d04b704b83c
12.602 <- 9d023020056402c104e2030f044d04b704b83c
12.671 <- 9d023020056402c104e2030f044d04b704b83c
12.745 <- 9d023020056402c104e2030f044d04b704b83c
12.895 <- 9d023020056402c104e2030f044d04b704b83c
12.970 <- 9d023020056402c104e2030f044d04b704b83c
13.120 <- 9d023020056402c104e2030f044d04b704b83c
13.195 <- 9d023020056402c104e2030f044d04b704b83c
13.270 <- 9d023020056402c104e2030f044d04b704b83c
13.420 <- 9d023020056402c104e2030f044d04b704b83c
13.495 <- 9d023020056402c104e2030f044d04b704b83c
13.570 <- 9d023020056402c104e2030f044d04b704b83c
13.720 <- 9d023020056402c104e2030f044d04b704b83c
13.796 <- 9d023020056402c104e2030f044d04b704b83c
13.870 <- 9d023020056402c104e2030f044d04b704b83c
14.020 <- 9d023020056402c104e2030f044d04b704b83c
14.095 <- 9d023020056402c104e2030f044d04b704b83c
14.177 <- 9d023020056402c104e2030f044d04b704b83c
14.320 <- 9d023020056402c104e2030f044d04b704b83c
14.395 <- 9d023020056402c104e2030f044d04b704b83c
14.545 <- 9d023020056402c104e2030f044d04b704b83c
14.620 <- 9d023020056402c104e2030f044d04b704b83c
14.695 <- 9d023020056402c104e2030f044d04b704b83c
14.845 <- 9d023020056402c104e2030f044d04b704b83c
14.920 <- 9d023020056402c104e2030f044d04b704b83c
14.995 <- 9d023020056402c104e2030f044d04b704b83c
15.145 <- 9d023020056402c104e2030f044d04b704b83c
15.220 <- 9d023020056402c104e2030f044d04b704b83c
15.295 <- 9d023020056402c104e2030f044d04b704b83c
15.445 <- 9d023020056402c104e2030f044d04b704b83c
15.520 <- 9d023020056402c104e2030f044d04b704b83c
15.596 <- 9d023020056402c104e2030f044d04b704b83c
15.746 <- 9d023020056402c104e2030f044d04b704b83c
15.821 <- 9d023020056402c104e2030f044d04b704b83c
15.896 <- 9d023020056402c104e2030f044d04b704b83c
16.046 <- 9d023020056402c104e2030f044d04b704b83c
16.121 <- 9d023020056402c104e2030f044d04b704b83c
16.271 <- 9d023020056402c104e2030f044d04b704b83c
16.346 <- 9d023020056402c104e2030f044d04b704b83c
16.421 <- 9d023020056402c104e2030f044d04b704b83c
16.571 <- 9d023020056402c104e2030f044d04b704b83c
16.646 <- 9d023020056402c104e2030f044d04b704b83c
16.720 <- 9d023020056402c104e2030f044d04b704b83c
16.871 <- 9d023020056402c104e2030f044d04b704b83c
16.945 <- 9d023020056402c104e2030f044d04b704b83c
17.021 <- 9d023020056402c104e2030f044d04b704b83c
17.171 <- 9d023020056402c104e2030f044d04b704b83c
17.246 <- 9d023020056402c104e2030f044d04b704b83c
17.320 <- 9d023020056402c104e2030f044d04b704b83c
17.471 <- 9d023020056402c104e2030f044d04b704b83c
17.545 <- 9d023020056402c104e2030f044d04b704b83c
17.620 <- 9d023020056402c104e2030f044d04b704b83c
17.770 <- 9d023020056402c104e2030f044d04b704b83c
17.846 <- 9d023020056402c104e2030f044d04b704b83c
17.995 <- 9d023020056402c104e2030f044d04b704b83c
18.071 <- 9d023020056402c104e2030f044d04b704b83c
18.145 <- 9d023020056402c104e2030f044d04b704b83c
18.296 <- 9d023020056402c104e2030f044d04b704b83c
18.371 <- 9d023020056402c104e2030f044d04b704b83c
18.445 <- 9d023020056402c104e2030f044d04b704b83c
18.596 <- 9d023020056402c104e2030f044d04b704b83c
18.670 <- 9d023020056402c104e2030f044d04b704b83c
18.745 <- 9d023020056402c104e2030f044d04b704b83c
18.895 <- 9d023020056402c104e2030f044d04b704b83c
18.970 <- 9d023020056402c104e2030f044d04b704b83c
19.045 <- 9d023020056402c104e2030f044d04b704b83c
19.196 <- 9d023020056402c104e2030f044d04b704b83c
19.270 <- 9d023020056402c104e2030f044d04b704b83c
19.346 <- 9d023020056402c104e2030f044d04b704b83c
19.495 <- 9d023020056402c104e2030f044d04b704b83c
19.571 <- 9d023020056402c104e2030f044d04b704b83c
19.720 <- 9d023020056402c104e2030f044d04b704b83c
19.796 <- 9d023020056402c104e2030f044d04b704b83c
19.870 <- 9d023020056402c104e2030f044d04b704b83c
20.027 <- 9d023020056402c104e2030f044d04b704b83c
20.095 <- 9d023020056402c104e2030f044d04b704b83c
20.171 <- 9d023020056402c104e2030f044d04b704b83c
20.320 <- 9d023020056402c104e2030f044d04b704b83c
20.395 <- 9d023020056402c104e2030f044d04b704b83c
20.470 <- 9d023020056402c104e2030f044d04b704b83c
20.621 <- 9d023020056402c104e2030f044d04b704b83c
20.696 <- 9d023020056402c104e2030f044d04b704b83c
20.771 <- 9d023020056402c104e2030f044d04b704b83c
20.920 <- 9d023020056402c104e2030f044d04b704b83c
20.996 <- 9d023020056402c104e2030f044d04b704b83c
21.070 <- 9d023020056402c104e2030f044d04b704b83c
21.220 <- 9d023020056402c104e2030f044d04b704b83c
21.296 <- 9d023020056402c104e2030f044d04b704b83c
21.371 <- 9d023020056402c104e2030f044d04b704b83c
21.520 <- 9d023020056402c104e2030f044d04b704b83c
21.596 <- 9d023020056402c104e2030f044d04b704b83c
21.746 <- 9d023020056402c104e2030f044d04b704b83c
21.821 <- 9d023020056402c104e2030f044d04b704b83c
21.896 <- 9d023020056402c104e2030f044d04b704b83c
22.046 <- 9d023020056402c104e2030f044d04b704b83c
22.121 <- 9d023020056402c104e2030f044d04b704b83c
22.195 <- 9d023020056402c104e2030f044d04b704b83c
22.346 <- 9d023020056402c104e2030f044d04b704b83c
22.421 <- 9d023020056402c104e2030f044d04b704b83c
22.496 <- 9d023020056402c104e2030f044d04b704b83c
22.645 <- 9d023020056402c104e2030f044d04b704b83c
22.721 <- 9d023020056402c104e2030f044d04b704b83c
22.796 <- 9d023020056402c104e2030f044d04b704b83c
22.946 <- 9d023020056402c104e2030f044d04b704b83c
23.021 <- 9d023020056402c104e2030f044d04b704b83c
23.178 <- 9d023020056402c104e2030f044d04b704b83c
23.245 <- 9d023020056402c104e2030f044d04b704b83c
23.320 <- 9d023020056402c104e2030f044d04b704b83c
23.470 <- 9d023020056402c104e2030f044d04b704b83c
23.546 <- 9d023020056402c104e2030f044d04b704b83c
23.621 <- 9d023020056402c104e2030f044d04b704b83c
23.770 <- 9d023020056402c104e2030f044d04b704b83c
23.845 <- 9d023020056402c104e2030f044d04b704b83c
23.920 <- 9d023020056402c104e2030f044d04b704b83c
24.070 <- 9d023020056402c104e2030f044d04b704b83c
24.145 <- 9d023020056402c104e2030f044d04b704b83c
24.220 <- 9d023020056402c104e2030f044d04b704b83c
24.370 <- 9d023020056402c104e2030f044d04b704b83c
24.520 <- 9d023020056402c104e2030f044d04b704b83c
24.521 <- 9d023020056402c104e2030f044d04b704b83c
24.671 <- 9d023020056402c104e2030f044d04b704b83c
24.745 <- 9d023020056402c104e2030f044d04b704b83c
24.896 <- 9d023020056402c104e2030f044d04b704b83c
24.970 <- 9d023020056402c104e2030f044d04b704b83c
25.045 <- 9d023020056402c104e2030f044d04b704b83c
25.195 <- 9d023020056402c104e2030f044d04b704b83c
25.270 <- 9d023020056402c104e2030f044d04b704b83c
25.345 <- 9d023020056402c104e2030f044d04b704b83c
25.495 <- 9d023020056402c104e2030f044d04b704b83c
25.570 <- 9d023020056402c104e2030f044d04b704b83c
25.720 <- 9d023020056402c104e2030f044d04b704b83c
25.795 <- 9d023020056402c104e2030f044d04b704b83c
25.870 <- 9d023020056402c104e2030f044d04b704b83c
25.945 <- 9d023020056402c104e2030f044d04b704b83c
26.095 <- 9d023020056402c104e2030f044d04b704b83c
26.170 <- 9d023020056402c104e2030f044d04b704b83c
26.245 <- 9d023020056402c104e2030f044d04b704b83c
26.395 <- 9d023020056402c104e2030f044d04b704b83c
26.470 <- 9d023020056402c104e2030f044d04b704b83c
26.545 <- 9d023020056402c104e2030f044d04b704b83c
26.695 <- 9d023020056402c104e2030f044d04b704b83c
26.771 <- 9d023020056402c104e2030f044d04b704b83c
26.921 <- 9d023020056402c104e2030f044d04b704b83c
27.070 <- 9d023020056402c104e2030f044d04b704b83c
27.077 <- 9d023020056402c104e2030f044d04b704b83c
27.295 <- 9d023020056402c104e2030f044d04b704b83c
27.296 <- 9d023020056402c104e2030f044d04b704b83c
27.370 <- 9d023020056402c104e2030f044d04b704b83c
27.520 <- 9d023020056402c104e2030f044d04b704b83c
27.596 <- 9d023020056402c104e2030f044d04b704b83c
27.670 <- 9d023020056402c104e2030f044d04b704b83c
27.820 <- 9d023020056402c104e2030f044d04b704b83c
28.046 <- 9d023020056402c104e2030f044d04b704b83c
28.046 <- 9d023020056402c104e2030f044d04b704b83c
28.195 <- 9d023020056402c104e2030f044d04b704b83c
28.196 <- 9d023020056402c104e2030f044d04b704b83c
28.271 <- 9d023020056402c104e2030f044d04b704b83c
28.420 <- 9d023020056402c104e2030f044d04b704b83c
28.495 <- 9d023020056402c104e2030f044d04b704b83c
28.645 <- 9d023020056402c104e2030f044d04b704b83c
28.720 <- 9d023020056402c104e2030f044d04b704b83c
28.795 <- 9d023020056402c104e2030f044d04b704b83c
28.945 <- 9d023020056402c104e2030f044d04b704b83c
29.020 <- 9d023020056402c104e2030f044d04b704b83c
29.095 <- 9d023020056402c104e2030f044d04b704b83c
29.245 <- 9d023020056402c104e2030f044d04b704b83c
29.320 <- 9d023020056402c104e2030f044d04b704b83c
29.395 <- 9d023020056402c104e2030f044d04b704b83c
29.545 <- 9d023020056402c104e2030f044d04b704b83c
29.620 <- 9d023020056402c104e2030f044d04b704b83c
29.695 <- 9d023020056402c104e2030f044d04b704b83c
29.845 <- 9d023020056402c104e2030f044d04b704b83c
29.920 <- 9d023020056402c104e2030f044d04b704b83c
30.070 <- 9d023020056402c104e2030f044d04b704b83c
30.145 <- 9d023020056402c104e2030f044d04b704b83c
30.220 <- 9d023020056402c104e2030f044d04b704b83c
30.377 <- 9d023020056402c104e2030f044d04b704b83c
30.445 <- 9d023020056402c104e2030f044d04b704b83c
30.520 <- 9d023020056402c104e2030f044d04b704b83c
30.670 <- 9d023020056402c104e2030f044d04b704b83c
30.745 <- 9d023020056402c104e2030f044d04b704b83c
30.820 <- 9d023020056402c104e2030f044d04b704b83c
30.972 <- 9d023020056402c104e2030f044d04b704b83c
31.045 <- 9d023020056402c104e2030f044d04b704b83c
31.120 <- 9d023020056402c104e2030f044d04b704b83c
31.270 <- 9d023020056402c104e2030f044d04b704b83c
31.345 <- 9d023020056402c104e2030f044d04b704b83c
31.420 <- 9d023020056402c104e2030f044d04b704b83c
31.570 <- 9d023020056402c104e2030f044d04b704b83c
31.645 <- 9d023020056402c104e2030f044d04b704b83c
31.721 <- 9d023020056402c104e2030f044d04b704b83c
31.870 <- 9d023020056402c104e2030f044d04b704b83c
31.945 <- 9d023020056402c104e2030f044d04b704b83c
32.096 <- 9d023020056402c104e2030f044d04b704b83c
32.170 <- 9d023020056402c104e2030f044d04b704b83c
32.320 <- 9d023020056402c104e2030f044d04b704b83c
32.395 <- 9d023020056402c104e2030f044d04b704b83c
32.470 <- 9d023020056402c104e2030f044d04b704b83c
32.545 <- 9d023020056402c104e2030f044d04b704b83c
32.695 <- 9d023020056402c104e2030f044d04b704b83c
32.770 <- 9d023020056402c104e2030f044d04b704b83c
32.845 <- 9d023020056402c104e2030f044d04b704b83c
32.995 <- 9d023020056402c104e2030f044d04b704b83c
33.070 <- 9d023020056402c104e2030f044d04b704b83c
33.145 <- 9d023020056402c104e2030f044d04b704b83c
33.296 <- 9d023020056402c104e2030f044d04b704b83c
33.370 <- 9d023020056402c104e2030f044d04b704b83c
33.445 <- 9d023020056402c104e2030f044d04b704b83c
33.595 <- 9d023020056402c104e2030f044d04b704b83c
33.670 <- 9d023020056402c104e2030f044d04b704b83c
33.896 <- 9d023020056402c104e2030f044d04b704b83c
33.896 <- 9d023020056402c104e2030f044d04b704b83c
33.970 <- 9d023020056402c104e2030f044d04b704b83c
34.120 <- 9d023020056402c104e2030f044d04b704b83c
34.195 <- 9d023020056402c104e2030f044d04b704b83c
34.345 <- 9d023020056402c104e2030f044d04b704b83c
34.420 <- 9d023020056402c104e2030f044d04b704b83c
34.495 <- 9d023020056402c104e2030f044d04b704b83c
34.571 <- 9d023020056402c104e2030f044d04b704b83c
34.720 <- 9d023020056402c104e2030f044d04b704b83c
34.795 <- 9d023020056402c104e2030f044d04b704b83c
34.870 <- 9d023020056402c104e2030f044d04b704b83c
35.020 <- 9d023020056402c104e2030f044d04b704b83c
35.095 <- 9d023020056402c104e2030f044d04b704b83c
35.170 <- 9d023020056402c104e2030f044d04b704b83c
35.320 <- 9d023020056402c104e2030f044d04b704b83c
35.395 <- 9d023020056402c104e2030f044d04b704b83c
35.545 <- 9d023020056402c104e2030f044d04b704b83c
35.620 <- 9d023020056402c104e2030f044d04b704b83c
35.696 <- 9d023020056402c104e2030f044d04b704b83c
35.845 <- 9d023020056402c104e2030f044d04b704b83c
35.920 <- 9d023020056402c104e2030f044d04b704b83c
35.995 <- 9d023020056402c104e2030f044d04b704b83c
36.145 <- 9d023020056402c104e2030f044d04b704b83c
36.220 <- 9d023020056402c104e2030f044d04b704b83c
36.295 <- 9d023020056402c104e2030f044d04b704b83c
36.445 <- 9d023020056402c104e2030f044d04b704b83c
36.520 <- 9d023020056402c104e2030f044d04b704b83c
36.595 <- 9d023020056402c104e2030f044d04b704b83c
36.745 <- 9d023020056402c104e2030f044d04b704b83c
36.820 <- 9d023020056402c104e2030f044d04b704b83c
36.895 <- 9d023020056402c104e2030f044d04b704b83c
37.045 <- 9d023020056402c104e2030f044d04b704b83c
37.120 <- 9d023020056402c104e2030f044d04b704b83c
37.270 <- 9d023020056402c104e2030f044d04b704b83c
37.346 <- 9d023020056402c104e2030f044d04b704b83c
37.495 <- 9d023020056402c104e2030f044d04b704b83c
37.570 <- 9d023020056402c104e2030f044d04b704b83c
37.646 <- 9d023020056402c104e2030f044d04b704b83c
37.720 <- 9d023020056402c104e2030f044d04b704b83c
37.870 <- 9d023020056402c104e2030f044d04b704b83c
37.945 <- 9d023020056402c104e2030f044d04b704b83c
38.020 <- 9d023020056402c104e2030f044d04b704b83c
38.171 <- 9d023020056402c104e2030f044d04b704b83c
38.245 <- 9d023020056402c104e2030f044d04b704b83c
38.320 <- 9d023020056402c104e2030f044d04b704b83c
52.866 # (you can stop trying with the app)
63.003 <- 
63.370 <- 9d023020056402c104e2030f044d04b704b83c
63.520 <- 9d023020056402c104e2030f044d04b704b83c
63.595 <- 9d023020056402c104e2030f044d04b704b83c
63.670 <- 9d023020056402c104e2030f044d04b704b83c
63.820 <- 9d023020056402c104e2030f044d04b704b83c
63.896 <- 9d023020056402c104e2030f044d04b704b83c
64.045 <- 9d023020056402c104e2030f044d04b704b83c
64.120 <- 9d023020056402c104e2030f044d04b704b83c
64.195 <- 9d023020056402c104e2030f044d04b704b83c
64.352 <- 9d023020056402c104e2030f044d04b704b83c
64.420 <- 9d023020056402c104e2030f044d04b704b83c
64.495 <- 9d023020056402c104e2030f044d04b704b83c
64.646 <- 9d023020056402c104e2030f044d04b704b83c
64.720 <- 9d023020056402c104e2030f044d04b704b83c
64.795 <- 9d023020056402c104e2030f044d04b704b83c
64.946 <- 9d023020056402c104e2030f044d04b704b83c
65.020 <- 9d023020056402c104e2030f044d04b704b83c
65.095 <- 9d023020056402c104e2030f044d04b704b83c
65.245 <- 9d023020056402c104e2030f044d04b704b83c
65.320 <- 9d023020056402c104e2030f044d04b704b83c
65.395 <- 9d023020056402c104e2030f044d04b704b83c
